note: Capella product -- its signal does not follow its declared SGN=+1, so the
      FX-to-delay transform is inverted to match Capella's own reference reader.
      Without this the image is mirrored in range.
cphd: skipped 8 vector(s) flagged invalid and 0 with non-finite geometry, of 335149
--at 29.979175,31.134186 resolves to --offset -152,-552 in this product's image plane
warning: grid cell 1.000 m is coarser than the 0.051 m azimuth
         resolution this collect supports. The image will alias:
         each scatterer gains ghost peaks that resemble real
         targets. Use --cell 0.051 or finer, or treat the result
         as deliberately multi-looked.
POSITIVE CONTROL: injected a 0.1630 Hz scatterer at the grid origin,
  2.000 mm vertical displacement, 20.0x the scene's median non-zero
  sample magnitude (0.1293).
  deposited into 335141 of 335141 pulses, range bins 3316.6 to 3507.4 of 4096
  THIS RUN IS ABOUT THE PIPELINE, NOT THE SCENE: if 0.1630 Hz does
  not come back, a null anywhere in this collect is not evidence
  that the ground is still.
  injected 0.1630 Hz sits at sub-aperture response 0.767 (observation ratio 0.39)
sub-apertures: 128 looks, dt 0.2399 s
  observable band  f_max 2.08 Hz   AT sub-look resolution 0.70 m
tracked 25 windows (5 x 5); 25 pass the 0.00 coherence mask
spectrum taken of line-of-sight DISPLACEMENT, which is what the phase estimator measures directly
spectra: 65 bins, 0.0326 Hz resolution
  amplitude dispersion: best 0.500, median 0.566; 0 of 25 windows meet D_A <= 0.25
  persistent scatterers: none -- 20 windows passed the shared gates, 0 met D_A <= 0.25
  WARNING: NO window holds a dominant scatterer by the persistent-scatterer
           criterion, so the phase estimator's precondition is unmet across
           this whole scene. A null below is what that guarantees, and is
           NOT evidence about whether the ground moved.
           The 0.25 criterion is calibrated over independent passes, not
           sub-looks; read it as a scale. See rs_microm_t.d_a.

STATIC-SCENE NULL FLOOR from 19 simulated motionless collects
with this collect's own geometry, through the identical chain:
  null scene: 13091 scatterers over 9216 m^2, 0.1760 m^2 sub-look cell -> 0.250 per cell (derived)
  static trial 1/19: prominence 17.1 at 0.358 Hz
  static trial 2/19: prominence 13.2 at 0.293 Hz
  static trial 3/19: prominence 23.8 at 0.195 Hz
  static trial 4/19: prominence 20.7 at 1.172 Hz
  static trial 5/19: prominence 13.9 at 0.326 Hz
  static trial 6/19: prominence 12.0 at 0.326 Hz
  static trial 7/19: prominence 19.2 at 0.456 Hz
  static trial 8/19: prominence 19.2 at 1.856 Hz
  static trial 9/19: prominence 16.0 at 0.098 Hz
  static trial 10/19: prominence 13.0 at 0.814 Hz
  static trial 11/19: prominence 20.2 at 0.195 Hz
  static trial 12/19: prominence 13.8 at 0.228 Hz
  static trial 13/19: prominence 17.5 at 0.879 Hz
  static trial 14/19: prominence 12.8 at 0.228 Hz
  static trial 15/19: prominence 20.3 at 1.531 Hz
  static trial 16/19: prominence 12.7 at 1.531 Hz
  static trial 17/19: prominence 23.5 at 1.498 Hz
  static trial 18/19: prominence 16.7 at 0.293 Hz
  static trial 19/19: prominence 16.9 at 0.749 Hz
  mean 17.0, sd 3.6, worst 23.8
  detection 32.0 is 1.88x the mean and 1.35x the worst
  0 of 19 reached it -- empirical p = 0.0500
  No motionless realisation reached it.
strongest peak in window 8: 0.163 Hz, prominence 32.0, quality 0.419, peak-to-peak velocity 7.7 mm/s
  backed by 9 windows, largest touching block 9
  ADJUDICATED: p = 0.0500 <= alpha 0.05, from 0 of 19 motionless realisations
  reaching prominence 32.0 through the identical chain.
  20 of 25 windows were eligible for selection (coherence gate; the floor does not apply to this estimator)
  consensus: 0.163 Hz, agreed by 9 of 20 voting windows (45%), 6 distinct answers, largest contiguous block 9
  cull: 0.163 Hz from 9 of 20 windows surviving (SNR 0, sigma 0, neighbours 11 removed), surface gates N/A
  sub-aperture response 0.7672 (-2.3 dB) at an observation ratio of 0.39
  (amplitude is QUALITATIVE -- relative amplitudes do not validate
   against ground truth even where frequencies do)
wrote runs/giza/2026-08-03-alpha-verdict/inj0163_freq.png, runs/giza/2026-08-03-alpha-verdict/inj0163_quality.png, runs/giza/2026-08-03-alpha-verdict/inj0163_scene.png,
      runs/giza/2026-08-03-alpha-verdict/inj0163_spectrum.png (power), runs/giza/2026-08-03-alpha-verdict/inj0163_spectrum_mm.png (displacement),
      runs/giza/2026-08-03-alpha-verdict/inj0163_spectrum_mms.png (velocity) and runs/giza/2026-08-03-alpha-verdict/inj0163_windows.csv
