note: Capella product -- its signal does not follow its declared SGN=+1, so the
      FX-to-delay transform is inverted to match Capella's own reference reader.
      Without this the image is mirrored in range.
cphd: skipped 40 vector(s) flagged invalid and 0 with non-finite geometry, of 277427
warning: grid cell 0.500 m is coarser than the 0.330 m azimuth
         resolution this collect supports. The image will alias:
         each scatterer gains ghost peaks that resemble real
         targets. Use --cell 0.330 or finer, or treat the result
         as deliberately multi-looked.
sub-apertures: 128 looks, dt 0.0469 s
  observable band  f_max 10.65 Hz   AT sub-look resolution 42.43 m
sub-pixel refinement: 1/200 px (default 1/10 azimuth, 1/20 range)
tracked 225 windows (15 x 15); 225 pass the 0.00 coherence mask
band floor: ignoring the first 3 bins (below 0.499 Hz) -- they carry the Hann skirt of any residual trend, not a vibration
spectrum taken of line-of-sight DISPLACEMENT, which is what the phase estimator measures directly
spectra: 65 bins, 0.1664 Hz resolution
  amplitude dispersion: best 0.445, median 0.560; 0 of 225 windows meet D_A <= 0.25
  persistent scatterers: none -- 225 windows passed the shared gates, 0 met D_A <= 0.25
  local peak: 1.331 Hz in window 194 stands 36.7x its own neighbourhood
           (median 1.526e-07 over 13 bins, guard 2, from 13950 window-bin pairs).
           Comparable across frequency where 'prominence' is not; compare it
           against another scene's maximum, not against a threshold.
  scene-derived null: window 83 at 9.986 Hz stands 11.37 robust deviations above
           its own scene (median 4.2, scale 0.4, 32 matched reference windows,
           guard 1; runner-up 10.74 over 225 searched)
           This is a robust deviation, NOT a normal deviate: do not read a
           p-value off it. On this collect an uninjected scene reached 2.53
           and injected targets 5.9-9.8. See rs_spectrum_scene_null().
  located at window (10.00, 9.50) of (14, 14) -- pixel (175.5, 167.5) --
           from 2 windows agreeing on 0.499 Hz, seeded from the reported peak
  DISAGREEMENT: seeded from the scene-derived null instead, the target is at
           window (5.45, 7.28) -- pixel (102.6, 132.0) -- on 9.986 Hz from 6 windows.
           The reported peak is gated and the null is not, so a gate has removed
           what the scene finds most unusual. Read PREFIX_windows.csv before trusting
           either. See FOLLOW-UPS item 45.
  WARNING: NO window holds a dominant scatterer by the persistent-scatterer
           criterion, so the phase estimator's precondition is unmet across
           this whole scene. A null below is what that guarantees, and is
           NOT evidence about whether the ground moved.
           The 0.25 criterion is calibrated over independent passes, not
           sub-looks; read it as a scale. See rs_microm_t.d_a.
strongest peak in window 159: 0.499 Hz, prominence 9.1, quality 0.642, peak-to-peak velocity 557.9 mm/s (UNCALIBRATED)
           The frequency is the measurement. The velocity is the raw tracked
           excursion including trend and noise -- a motionless Giza scene gives
           124.8 mm/s through this same line. Do not quote it as an amplitude.
  backed by 2 windows, largest touching block 2
  NOT ADJUDICATED -- nothing here distinguishes this from an artefact of the
  processing. Cross-window agreement cannot: it is blind to anything common to
  every window (item 11), and it is diluted by background to 19-24% even for a
  known true positive (item 31). Run --null-static N, or --inject-vib to check
  the chain can see a known signal here at all.
  225 of 225 windows were eligible for selection (coherence gate; the floor does not apply to this estimator)
  modal set: 3 modes recurring in >= 34 of 225 voting windows,
           ranked by the size of their largest contiguous block of windows
           (6 nominations each over 62 admissible bins; 0.39 bins expected
            to clear that by chance, so the threshold is a family-wise budget)
           chance alone reaches block 7 here (1000 trials, worst 14), so the
           block a mode must beat is derived from this configuration, not fixed
            0.499 Hz (sub-bin 0.499 +- 0.000)   block   8 (p 0.010)   support  35/225   ratio 5.0
            0.999 Hz (sub-bin 0.981 +- 0.056)   block   7 (p 0.027)   support  40/225   ratio 4.0
            7.822 Hz (sub-bin 7.799 +- 0.042)   block   7 (p 0.027)   support  34/225   ratio 3.8
           The leading figure is the BIN CENTRE, which is what every earlier
           measurement here is quoted at. The sub-bin +- is the SPREAD of the
           per-window estimate, not a posterior: this fits no modal model and
           estimates no damping (item 79). p is the chance model for the block
           and it is not a detection -- item 11's blindness to common-mode
           artefacts is unaffected by any of it. Run --null-static N.
  consensus: 0.832 Hz, agreed by 18 of 225 voting windows (8%), 51 distinct answers, largest contiguous block 4
  cull: 0.832 Hz from 12 of 225 windows surviving (SNR 0, sigma 0, neighbours 157 removed), surface gates N/A
  sub-aperture response 0.9991 (-0.0 dB) at an observation ratio of 0.02
  (amplitude is QUALITATIVE -- relative amplitudes do not validate
   against ground truth even where frequencies do)
wrote runs/kilauea/2026-08-05-correlation/CAPELLA_C10_SP_CPHD_HH_20240611004012_20240611004047_freq.png, runs/kilauea/2026-08-05-correlation/CAPELLA_C10_SP_CPHD_HH_20240611004012_20240611004047_quality.png, runs/kilauea/2026-08-05-correlation/CAPELLA_C10_SP_CPHD_HH_20240611004012_20240611004047_scene.png,
      runs/kilauea/2026-08-05-correlation/CAPELLA_C10_SP_CPHD_HH_20240611004012_20240611004047_spectrum.png (power), runs/kilauea/2026-08-05-correlation/CAPELLA_C10_SP_CPHD_HH_20240611004012_20240611004047_spectrum_mm.png (displacement),
      runs/kilauea/2026-08-05-correlation/CAPELLA_C10_SP_CPHD_HH_20240611004012_20240611004047_spectrum_mms.png (velocity) and runs/kilauea/2026-08-05-correlation/CAPELLA_C10_SP_CPHD_HH_20240611004012_20240611004047_windows.csv
