sub-apertures: 128 looks, dt 0.0470 s
  observable band  f_max 10.65 Hz   AT sub-look resolution 36.54 m
sub-pixel refinement: 1/200 px (default 1/10 azimuth, 1/20 range)
tracked 225 windows (15 x 15); 225 pass the 0.00 coherence mask
band floor: ignoring the first 3 bins (below 0.499 Hz) -- they carry the Hann skirt of any residual trend, not a vibration
spectrum taken of line-of-sight DISPLACEMENT, which is what the phase estimator measures directly
spectra: 65 bins, 0.1664 Hz resolution
  amplitude dispersion: best 0.478, median 0.567; 0 of 225 windows meet D_A <= 0.25
  persistent scatterers: none -- 225 windows passed the shared gates, 0 met D_A <= 0.25
  local peak: 1.331 Hz in window 210 stands 24.3x its own neighbourhood
           (median 2.913e-07 over 13 bins, guard 2, from 13950 window-bin pairs).
           Comparable across frequency where 'prominence' is not; compare it
           against another scene's maximum, not against a threshold.
  scene-derived null: window 147 at 1.830 Hz stands 4.13 robust deviations above
           its own scene (median 4.2, scale 0.8, 32 matched reference windows,
           guard 1; runner-up 4.02 over 225 searched)
           This is a robust deviation, NOT a normal deviate: do not read a
           p-value off it. On this collect an uninjected scene reached 2.53
           and injected targets 5.9-9.8. See rs_spectrum_scene_null().
  located at window (11.00, 12.00) of (14, 14) -- pixel (191.5, 207.5) --
           from 1 windows agreeing on 0.665 Hz, seeded from the reported peak
  DISAGREEMENT: seeded from the scene-derived null instead, the target is at
           window (9.50, 12.00) -- pixel (167.5, 207.5) -- on 1.830 Hz from 2 windows.
           The reported peak is gated and the null is not, so a gate has removed
           what the scene finds most unusual. Read PREFIX_windows.csv before trusting
           either. See FOLLOW-UPS item 45.
  WARNING: NO window holds a dominant scatterer by the persistent-scatterer
           criterion, so the phase estimator's precondition is unmet across
           this whole scene. A null below is what that guarantees, and is
           NOT evidence about whether the ground moved.
           The 0.25 criterion is calibrated over independent passes, not
           sub-looks; read it as a scale. See rs_microm_t.d_a.
strongest peak in window 177: 0.665 Hz, prominence 9.9, quality 0.696, peak-to-peak velocity 596.8 mm/s (UNCALIBRATED)
           The frequency is the measurement. The velocity is the raw tracked
           excursion including trend and noise -- a motionless Giza scene gives
           124.8 mm/s through this same line. Do not quote it as an amplitude.
  backed by 9 windows, largest touching block 4
  NOT ADJUDICATED -- nothing here distinguishes this from an artefact of the
  processing. Cross-window agreement cannot: it is blind to anything common to
  every window (item 11), and it is diluted by background to 19-24% even for a
  known true positive (item 31). Run --null-static N, or --inject-vib to check
  the chain can see a known signal here at all.
  225 of 225 windows were eligible for selection (coherence gate; the floor does not apply to this estimator)
  modal set: 3 modes recurring in >= 34 of 225 voting windows,
           ranked by the size of their largest contiguous block of windows
           (6 nominations each over 62 admissible bins; 0.39 bins expected
            to clear that by chance, so the threshold is a family-wise budget)
           chance alone reaches block 7 here (1000 trials, worst 14), so the
           block a mode must beat is derived from this configuration, not fixed
           10.148 Hz (sub-bin 10.132 +- 0.050)   block  14 (p 0.002)   support  35/225   ratio 6.0
            7.154 Hz (sub-bin 7.143 +- 0.050)   block  11 (p 0.002)   support  40/225   ratio 4.1
            1.664 Hz (sub-bin 1.690 +- 0.053)   block   9 (p 0.003)   support  36/225   ratio 3.9
           The leading figure is the BIN CENTRE, which is what every earlier
           measurement here is quoted at. The sub-bin +- is the SPREAD of the
           per-window estimate, not a posterior: this fits no modal model and
           estimates no damping (item 79). p is the chance model for the block
           and it is not a detection -- item 11's blindness to common-mode
           artefacts is unaffected by any of it. Run --null-static N.
  consensus: 1.331 Hz, agreed by 10 of 225 voting windows (4%), 51 distinct answers, largest contiguous block 2
  WARNING: the agreeing windows are SCATTERED (largest block 2 < 4).
           Windows overlap at the tracking stride, so a resolvable mode
           occupies a 2x2 block at minimum. This is the shape of coincidence.
  cull: 7.320 Hz from 8 of 225 windows surviving (SNR 0, sigma 0, neighbours 169 removed), surface gates N/A
  NOTE: the cull and the consensus disagree (7.320 vs 1.331 Hz).
        They read different evidence, so this is not a tie to
        break by preference: at most one of them is measuring.
  sub-aperture response 0.9984 (-0.0 dB) at an observation ratio of 0.03
  (amplitude is QUALITATIVE -- relative amplitudes do not validate
   against ground truth even where frequencies do)
wrote runs/kilauea/2026-08-05-correlation/CAPELLA_C10_SP_CPHD_HH_20240609091921_20240609091951_freq.png, runs/kilauea/2026-08-05-correlation/CAPELLA_C10_SP_CPHD_HH_20240609091921_20240609091951_quality.png, runs/kilauea/2026-08-05-correlation/CAPELLA_C10_SP_CPHD_HH_20240609091921_20240609091951_scene.png,
      runs/kilauea/2026-08-05-correlation/CAPELLA_C10_SP_CPHD_HH_20240609091921_20240609091951_spectrum.png (power), runs/kilauea/2026-08-05-correlation/CAPELLA_C10_SP_CPHD_HH_20240609091921_20240609091951_spectrum_mm.png (displacement),
      runs/kilauea/2026-08-05-correlation/CAPELLA_C10_SP_CPHD_HH_20240609091921_20240609091951_spectrum_mms.png (velocity) and runs/kilauea/2026-08-05-correlation/CAPELLA_C10_SP_CPHD_HH_20240609091921_20240609091951_windows.csv
